// Jest Snapshot v1, https://goo.gl/fbAQLP

exports[`unordered list component passing a simple list snapshot 1`] = `
<ul>
  <li>
    red
  </li>
  <li>
    white
  </li>
  <li>
    blue
  </li>
</ul>
`;
